// Jest Snapshot v1, https://goo.gl/fbAQLP

exports[`testing Button render with snapshot 1`] = `
<DocumentFragment>
  <button
    class="MuiButtonBase-root MuiButton-root MuiButton-contained MuiButton-containedSuccess MuiButton-sizeSmall MuiButton-containedSizeSmall MuiButton-root MuiButton-contained MuiButton-containedSuccess MuiButton-sizeSmall MuiButton-containedSizeSmall css-1ph36rw-MuiButtonBase-root-MuiButton-root"
    style="color: white;"
    tabindex="0"
    type="button"
  >
    Change name
    <span
      class="MuiTouchRipple-root css-8je8zh-MuiTouchRipple-root"
    />
  </button>
</DocumentFragment>
`;
